// Jest Snapshot v1, https://goo.gl/fbAQLP

exports[`(Components) FieldItem mounts with basic props 1`] = `
.c0 {
  position: relative;
  padding-bottom: 4px;
  padding-left: 16px;
  padding-right: 8px;
  display: -webkit-box;
  display: -webkit-flex;
  display: -ms-flexbox;
  display: flex;
  -webkit-align-items: center;
  -webkit-box-align: center;
  -ms-flex-align: center;
  align-items: center;
}

@media (min-width:0) and (max-width:599px) {
  .c0 {
    padding-top: 32px;
  }
}

@media (min-width:600px) and (max-width:959px) {
  .c0 {
    padding-top: 32px;
  }
}

<div
  class="c0"
/>
`;
