// Jest Snapshot v1, https://goo.gl/fbAQLP

exports[`(Component) H1 renders with basic props 1`] = `
.c0 {
  font-size: 22px;
  font-weight: 500;
  line-height: 28px;
  color: #424242;
  margin-block-start: 2px;
  margin-block-end: 2px;
}

<h1
  class="c0"
>
  this is a test
</h1>
`;
