// Jest Snapshot v1, https://goo.gl/fbAQLP

exports[`(Component) H2 renders with basic props 1`] = `
.c0 {
  font-size: 18px;
  font-weight: 400;
  line-height: 18px;
  color: #212121;
  margin-block-start: 2px;
  margin-block-end: 2px;
}

<h2
  class="c0"
>
  this is a test
</h2>
`;
