// Jest Snapshot v1, https://goo.gl/fbAQLP

exports[`(Component) H5 renders with basic props 1`] = `
.c0 {
  font-size: 12px;
  font-weight: 400;
  line-height: 16px;
  color: #212121;
  margin-block-start: 2px;
  margin-block-end: 2px;
}

<h5
  class="c0"
>
  this is a test
</h5>
`;
