// Jest Snapshot v1, https://goo.gl/fbAQLP

exports[`(Component) P renders with basic props 1`] = `
.c0 {
  display: block;
  line-height: 16px;
  padding: 1em;
  color: #616161;
  font-size: 14px;
}

<p
  className="c0"
  fontSize={14}
  overflow={false}
  wrap={false}
>
  this is a test
</p>
`;
