// Jest Snapshot v1, https://goo.gl/fbAQLP

exports[`(Component) P renders with basic props 1`] = `
.c0 {
  display: block;
  line-height: 16px;
  padding: 8px;
  color: #424242;
  font-size: 14px;
}

<p
  class="c0"
  font-size="14"
>
  this is a test
</p>
`;
