// Jest Snapshot v1, https://goo.gl/fbAQLP

exports[`(Component) Title it render with large prop 1`] = `
.c0 {
  font-size: 20px;
  line-height: 24px;
  color: #424242;
  font-size: 22px;
}

<div
  class="c0"
>
  this is a test
</div>
`;

exports[`(Component) Title it render with small prop 1`] = `
.c0 {
  font-size: 20px;
  line-height: 24px;
  color: #424242;
  font-size: 16px;
}

<div
  class="c0"
>
  this is a test
</div>
`;

exports[`(Component) Title renders with basic props 1`] = `
.c0 {
  font-size: 20px;
  line-height: 24px;
  color: #424242;
}

<div
  class="c0"
>
  this is a test
</div>
`;
