// Jest Snapshot v1, https://goo.gl/fbAQLP

exports[`(Component) DeleteIcon it mounts without additional props 1`] = `
.c0 {
  font-size: 24px !important;
  color: action;
}

<svg
  aria-hidden="true"
  class="MuiSvgIcon-root-1 MuiSvgIcon-colorAction-4 c0"
  focusable="false"
  role="presentation"
  size="24"
  viewBox="0 0 24 24"
>
  <path
    d="M6 19c0 1.1.9 2 2 2h8c1.1 0 2-.9 2-2V7H6v12zM8 9h8v10H8V9zm7.5-5l-1-1h-5l-1 1H5v2h14V4z"
  />
  <path
    d="M0 0h24v24H0V0z"
    fill="none"
  />
</svg>
`;

exports[`(Component) DeleteIcon renders component without exploding 1`] = `
.c0 {
  font-size: 24px !important;
  color: action;
}

<svg
  aria-hidden="true"
  class="MuiSvgIcon-root-1 MuiSvgIcon-colorAction-4 c0"
  focusable="false"
  role="presentation"
  size="24"
  viewBox="0 0 24 24"
>
  <path
    d="M6 19c0 1.1.9 2 2 2h8c1.1 0 2-.9 2-2V7H6v12zM8 9h8v10H8V9zm7.5-5l-1-1h-5l-1 1H5v2h14V4z"
  />
  <path
    d="M0 0h24v24H0V0z"
    fill="none"
  />
</svg>
`;
