// Jest Snapshot v1, https://goo.gl/fbAQLP

exports[`(Component) GestaltIconText renders component without exploding 1`] = `
<span
  class="isvg loading"
/>
`;
