// Jest Snapshot v1, https://goo.gl/fbAQLP

exports[`(Component) LambdaIcon renders component without exploding 1`] = `
<svg
  aria-hidden="true"
  class="MuiSvgIcon-root-1"
  focusable="false"
  role="presentation"
  style="font-size: 22px;"
  viewBox="0 0 364.7 364.7"
>
  <path
    d="M254.1,345.9l-63.1-159.8L98.6,331.9h-58l129.2-208.6l-14.5-41.2H105V32.9h86.1l98.8,251.4l43.5-14.2l14.5,48.7 L254.1,345.9z"
  />
</svg>
`;
