// Jest Snapshot v1, https://goo.gl/fbAQLP

exports[`Lambdas::Components::ComputeSection mounts with basic props 1`] = `
.c0 {
  box-sizing: border-box;
  display: -webkit-box;
  display: -webkit-flex;
  display: -ms-flexbox;
  display: flex;
  -webkit-flex: 0 1 auto;
  -ms-flex: 0 1 auto;
  flex: 0 1 auto;
  width: 100%;
  -webkit-flex-direction: row;
  -ms-flex-direction: row;
  flex-direction: row;
  -webkit-flex-wrap: wrap;
  -ms-flex-wrap: wrap;
  flex-wrap: wrap;
  -webkit-box-pack: center;
  -webkit-justify-content: center;
  -ms-flex-pack: center;
  justify-content: center;
  -webkit-align-items: center;
  -webkit-box-align: center;
  -ms-flex-align: center;
  align-items: center;
  -webkit-align-content: stretch;
  -ms-flex-line-pack: stretch;
  align-content: stretch;
}

.c1 {
  box-sizing: border-box;
  margin: 5px;
  max-height: 100%;
  -webkit-order: 0;
  -ms-flex-order: 0;
  order: 0;
  -webkit-align-self: auto;
  -ms-flex-item-align: auto;
  align-self: auto;
  --width: calc(83.33333333333334% - 10px);
  -webkit-flex: 0 1 var(--width);
  -ms-flex: 0 1 var(--width);
  flex: 0 1 var(--width);
  min-width: var(--width);
}

.c3 {
  box-sizing: border-box;
  margin: 5px;
  max-height: 100%;
  -webkit-order: 0;
  -ms-flex-order: 0;
  order: 0;
  -webkit-align-self: center;
  -ms-flex-item-align: center;
  align-self: center;
  --width: calc(16.666666666666664% - 10px);
  -webkit-flex: 0 1 var(--width);
  -ms-flex: 0 1 var(--width);
  flex: 0 1 var(--width);
  min-width: var(--width);
}

.c2 {
  -webkit-align-items: center;
  -webkit-box-align: center;
  -ms-flex-align: center;
  align-items: center;
}

.c2 .md-slider-thumb {
  z-index: 2;
}

.c2 .md-slider-discrete-tick {
  z-index: 1;
}

@media (min-width:0) and (max-width:599px) {
  .c1 {
    --width: calc(66.66666666666666% - 10px);
    -webkit-flex: 0 1 var(--width);
    -ms-flex: 0 1 var(--width);
    flex: 0 1 var(--width);
    min-width: var(--width);
  }
}

@media (min-width:0) and (max-width:599px) {
  .c3 {
    --width: calc(33.33333333333333% - 10px);
    -webkit-flex: 0 1 var(--width);
    -ms-flex: 0 1 var(--width);
    flex: 0 1 var(--width);
    min-width: var(--width);
  }
}

<div
  class="c0"
>
  <div
    class="c1"
  >
    <div
      class="md-slider-container c2 md-pointer--hover"
    >
      <label
        class="md-slider-label md-text"
        for="properties.cpus--cpu"
      >
        CPU
      </label>
      <input
        class="md-slider-input"
        id="properties.cpus--cpu"
        max="4"
        min="0.1"
        readonly=""
        type="range"
        value="1"
      />
      <svg
        aria-hidden="true"
        class="MuiSvgIcon-root-1 MuiSvgIcon-colorAction-4 MuiSvgIcon-fontSizeSmall-8"
        focusable="false"
        role="presentation"
        viewBox="0 0 24 24"
      >
        <path
          d="M0 0h24v24H0z"
          fill="none"
        />
        <path
          d="M15 9H9v6h6V9zm-2 4h-2v-2h2v2zm8-2V9h-2V7c0-1.1-.9-2-2-2h-2V3h-2v2h-2V3H9v2H7c-1.1 0-2 .9-2 2v2H3v2h2v2H3v2h2v2c0 1.1.9 2 2 2h2v2h2v-2h2v2h2v-2h2c1.1 0 2-.9 2-2v-2h2v-2h-2v-2h2zm-4 6H7V7h10v10z"
        />
      </svg>
      <div
        class="md-slider-track md-slider-track--ind-left"
      >
        <hr
          class="md-slider-track-fill"
          style="width: 23.076923076923077%;"
        />
        <div
          aria-pressed="false"
          class="md-fake-btn md-pointer--hover md-fake-btn--no-outline md-slider-thumb md-slider-thumb--on md-slider-thumb--discrete"
          role="button"
          tabindex="0"
        />
        <span
          class="md-slider-thumb md-slider-thumb--mask"
        />
      </div>
    </div>
  </div>
  <div
    class="c3"
  >
    <div
      class="MuiFormControl-root-10 MuiFormControl-marginDense-12 MuiFormControl-fullWidth-13"
      step="0.1"
    >
      <label
        class="MuiFormLabel-root-25 MuiFormLabel-filled-29 MuiFormLabel-required-30 MuiInputLabel-required-18 MuiInputLabel-root-14 MuiInputLabel-formControl-19 MuiInputLabel-animated-22 MuiInputLabel-shrink-21 MuiInputLabel-marginDense-20 MuiInputLabel-outlined-24"
        data-shrink="true"
      >
        CPU
        <span
          class="MuiFormLabel-asterisk-31"
        >
           *
        </span>
      </label>
      <div
        class="MuiInputBase-root-45 MuiOutlinedInput-root-32 MuiInputBase-fullWidth-54 MuiInputBase-formControl-46 MuiInputBase-marginDense-52"
      >
        <fieldset
          aria-hidden="true"
          class="MuiPrivateNotchedOutline-root-62 MuiOutlinedInput-notchedOutline-39"
          style="padding-left: 8px;"
        >
          <legend
            class="MuiPrivateNotchedOutline-legend-63"
            style="width: 0px;"
          >
            <span>
              ​
            </span>
          </legend>
        </fieldset>
        <input
          aria-invalid="false"
          class="MuiInputBase-input-55 MuiOutlinedInput-input-40 MuiInputBase-inputType-58 MuiInputBase-inputMarginDense-56 MuiOutlinedInput-inputMarginDense-41"
          name="properties.cpus"
          required=""
          type="number"
          value="1"
        />
      </div>
    </div>
  </div>
  <div
    class="c1"
  >
    <div
      class="md-slider-container c2 md-pointer--hover"
    >
      <label
        class="md-slider-label md-text"
        for="properties.memory--memory"
      >
        Memory (MB)
      </label>
      <input
        class="md-slider-input"
        id="properties.memory--memory"
        max="2048"
        min="128"
        readonly=""
        type="range"
        value="256"
      />
      <svg
        aria-hidden="true"
        class="MuiSvgIcon-root-1 MuiSvgIcon-colorAction-4 MuiSvgIcon-fontSizeSmall-8"
        focusable="false"
        role="presentation"
        viewBox="0 0 24 24"
      >
        <path
          d="M0 0h24v24H0z"
          fill="none"
        />
        <path
          d="M18 2h-8L4.02 8 4 20c0 1.1.9 2 2 2h12c1.1 0 2-.9 2-2V4c0-1.1-.9-2-2-2zm-6 6h-2V4h2v4zm3 0h-2V4h2v4zm3 0h-2V4h2v4z"
        />
      </svg>
      <div
        class="md-slider-track md-slider-track--ind-left"
      >
        <span
          class="md-slider-discrete-tick"
          style="left: 0%; width: 3px;"
        />
        <span
          class="md-slider-discrete-tick"
          style="width: 6px;"
        />
        <span
          class="md-slider-discrete-tick"
          style="width: 6px;"
        />
        <span
          class="md-slider-discrete-tick"
          style="width: 6px;"
        />
        <span
          class="md-slider-discrete-tick"
          style="width: 6px;"
        />
        <span
          class="md-slider-discrete-tick"
          style="width: 6px;"
        />
        <span
          class="md-slider-discrete-tick"
          style="width: 6px;"
        />
        <span
          class="md-slider-discrete-tick"
          style="width: 6px;"
        />
        <span
          class="md-slider-discrete-tick"
          style="width: 6px;"
        />
        <span
          class="md-slider-discrete-tick"
          style="width: 6px;"
        />
        <span
          class="md-slider-discrete-tick"
          style="width: 6px;"
        />
        <span
          class="md-slider-discrete-tick"
          style="width: 6px;"
        />
        <span
          class="md-slider-discrete-tick"
          style="width: 6px;"
        />
        <span
          class="md-slider-discrete-tick"
          style="width: 6px;"
        />
        <span
          class="md-slider-discrete-tick"
          style="width: 6px;"
        />
        <span
          class="md-slider-discrete-tick"
          style="left: 100%; width: 3px;"
        />
        <hr
          class="md-slider-track-fill"
          style="width: 6.666666666666667%;"
        />
        <div
          aria-pressed="false"
          class="md-fake-btn md-pointer--hover md-fake-btn--no-outline md-slider-thumb md-slider-thumb--on md-slider-thumb--discrete"
          role="button"
          tabindex="0"
        />
        <span
          class="md-slider-thumb md-slider-thumb--mask"
        />
      </div>
    </div>
  </div>
  <div
    class="c3"
  >
    <div
      class="MuiFormControl-root-10 MuiFormControl-marginDense-12 MuiFormControl-fullWidth-13"
      step="1"
    >
      <label
        class="MuiFormLabel-root-25 MuiFormLabel-filled-29 MuiFormLabel-required-30 MuiInputLabel-required-18 MuiInputLabel-root-14 MuiInputLabel-formControl-19 MuiInputLabel-animated-22 MuiInputLabel-shrink-21 MuiInputLabel-marginDense-20 MuiInputLabel-outlined-24"
        data-shrink="true"
      >
        Memory
        <span
          class="MuiFormLabel-asterisk-31"
        >
           *
        </span>
      </label>
      <div
        class="MuiInputBase-root-45 MuiOutlinedInput-root-32 MuiInputBase-fullWidth-54 MuiInputBase-formControl-46 MuiInputBase-marginDense-52"
      >
        <fieldset
          aria-hidden="true"
          class="MuiPrivateNotchedOutline-root-62 MuiOutlinedInput-notchedOutline-39"
          style="padding-left: 8px;"
        >
          <legend
            class="MuiPrivateNotchedOutline-legend-63"
            style="width: 0px;"
          >
            <span>
              ​
            </span>
          </legend>
        </fieldset>
        <input
          aria-invalid="false"
          class="MuiInputBase-input-55 MuiOutlinedInput-input-40 MuiInputBase-inputType-58 MuiInputBase-inputMarginDense-56 MuiOutlinedInput-inputMarginDense-41"
          name="properties.memory"
          required=""
          type="number"
          value="256"
        />
      </div>
    </div>
  </div>
</div>
`;
