// Jest Snapshot v1, https://goo.gl/fbAQLP

exports[`(Cards) Card mounts with basic props 1`] = `
.c0 {
  position: relative;
  background: white;
  border-radius: 3px;
  box-shadow: 0 1px 1px 0 rgba(0,0,0,.1),0 1px 1px 0 rgba(0,0,0,.1),0 0 1px -4px rgba(0,0,0,.2);
}

<div
  class="c0"
/>
`;
