// Jest Snapshot v1, https://goo.gl/fbAQLP

exports[`(Cards) Card mounts with basic props 1`] = `
.c0 {
  position: relative;
  background: #fff;
  cursor: pointer;
  border-radius: 2px;
  box-shadow: 0 2px 2px 0 rgba(0,0,0,.14),0 1px 5px 0 rgba(0,0,0,.12),0 3px 1px -2px rgba(0,0,0,.2);
}

<div
  className="c0"
/>
`;
